[INFO] Scanning for projects...
[INFO] 
[INFO] -----------------------< com.example:DS_project >-----------------------
[INFO] Building DS_project 0.0.1-SNAPSHOT
[INFO]   from pom.xml
[INFO] --------------------------------[ jar ]---------------------------------
[INFO] 
[INFO] --- resources:3.3.1:resources (default-resources) @ DS_project ---
[INFO] Copying 1 resource from src\main\resources to target\classes
[INFO] Copying 0 resource from src\main\resources to target\classes
[INFO] 
[INFO] --- compiler:3.11.0:compile (default-compile) @ DS_project ---
[INFO] Nothing to compile - all classes are up to date
[INFO] ------------------------------------------------------------------------
[INFO] BUILD SUCCESS
[INFO] ------------------------------------------------------------------------
[INFO] Total time:  1.073 s
[INFO] Finished at: 2026-04-05T16:29:50+05:30
[INFO] ------------------------------------------------------------------------
